
[2025-12-07 23:33:57] ==========================================================
[2025-12-07 23:33:57] NEW RUN STARTED
[2025-12-07 23:33:57] ==========================================================
[2025-12-07 23:33:57] Input FASTA: /opt/ESMDisPred/example/sample.fasta
[2025-12-07 23:33:57] Output Dir: outputs/
[2025-12-07 23:33:57] Features Dir: features
[2025-12-07 23:33:57] Models to run: ESMDisPred-1 ESMDisPred-2 ESMDisPred-2PDB ESMDisPred-DNN

[2025-12-07 23:35:08] ==========================================================
[2025-12-07 23:35:08] NEW RUN STARTED
[2025-12-07 23:35:08] ==========================================================
[2025-12-07 23:35:08] Input FASTA: /opt/ESMDisPred/example/sample.fasta
[2025-12-07 23:35:08] Output Dir: outputs/
[2025-12-07 23:35:08] Features Dir: features
[2025-12-07 23:35:08] Models to run: ESMDisPred-1 ESMDisPred-2 ESMDisPred-2PDB ESMDisPred-DNN
[2025-12-07 23:35:09] → Extracting DisPredict3.0 features...
Input fasta file: /opt/ESMDisPred/example/sample.fasta
Output directory: ../features/Dispredict3.0
Current directory: /opt/ESMDisPred/scripts

 ######################################## Dispredict3.0 prediction started... ######################################## 

Features already exists for all proteins
Dispredict3.0 prediction end...
/opt/ESMDisPred/scripts
[2025-12-07 23:35:10] → Generating ESM2 embeddings...

 ######################################## Extracting features from ESM-2... ######################################## 

Extracting Features...
Protein ID:  DP02342
Features already exists 
Protein ID:  P61626
Features already exists 
Protein ID:  P0DJI9
Features already exists 
Protein ID:  P01034
Features already exists 
[2025-12-07 23:35:18] =================================================
[2025-12-07 23:35:18] → Running ESMDisPred-1 prediction...
[2025-12-07 23:35:18] =================================================
[2025-12-07 23:35:18] Running ESMDisPred...

 ######################################## ESMDisPred prediction started... ######################################## 

Input Path: /opt/ESMDisPred/example/sample.fasta
Output Path: ../outputs/
Features Path: ../features
Selected Model: ESMDisPred-1


Protein ID:  DP02342
Preprocessing Features...
(227, 5473)
Length of the sequence:  227
Features Preprocessing Complete...
--- Total Time (ms) --- 1046


Protein ID:  P61626
Preprocessing Features...
(148, 5473)
Length of the sequence:  148
Features Preprocessing Complete...
--- Total Time (ms) --- 575


Protein ID:  P0DJI9
Preprocessing Features...
(122, 5473)
Length of the sequence:  122
Features Preprocessing Complete...
--- Total Time (ms) --- 457


Protein ID:  P01034
Preprocessing Features...
(146, 5473)
Length of the sequence:  146
Features Preprocessing Complete...
--- Total Time (ms) --- 635


ESMDisPred prediction end...
[2025-12-07 23:35:23] → ESMDisPred-1 completed.
[2025-12-07 23:35:23] =================================================
[2025-12-07 23:35:23] → Running ESMDisPred-2 prediction...
[2025-12-07 23:35:23] =================================================
[2025-12-07 23:35:23] Running ESMDisPred...

 ######################################## ESMDisPred prediction started... ######################################## 

Input Path: /opt/ESMDisPred/example/sample.fasta
Output Path: ../outputs/
Features Path: ../features
Selected Model: ESMDisPred-2


Protein ID:  DP02342
Preprocessing Features...
(227, 6918)
Length of the sequence:  227
Features Preprocessing Complete...
--- Total Time (ms) --- 1254


Protein ID:  P61626
Preprocessing Features...
(148, 6918)
Length of the sequence:  148
Features Preprocessing Complete...
--- Total Time (ms) --- 761


Protein ID:  P0DJI9
Preprocessing Features...
(122, 6918)
Length of the sequence:  122
Features Preprocessing Complete...
--- Total Time (ms) --- 636


Protein ID:  P01034
Preprocessing Features...
(146, 6918)
Length of the sequence:  146
Features Preprocessing Complete...
--- Total Time (ms) --- 707


ESMDisPred prediction end...
[2025-12-07 23:35:28] → ESMDisPred-2 completed.
[2025-12-07 23:35:28] =================================================
[2025-12-07 23:35:28] → Running ESMDisPred-2PDB prediction...
[2025-12-07 23:35:28] =================================================
[2025-12-07 23:35:28] Running ESMDisPred...

 ######################################## ESMDisPred prediction started... ######################################## 

Input Path: /opt/ESMDisPred/example/sample.fasta
Output Path: ../outputs/
Features Path: ../features
Selected Model: ESMDisPred-2PDB


Protein ID:  DP02342
Preprocessing Features...
(227, 6918)
Length of the sequence:  227
Features Preprocessing Complete...
--- Total Time (ms) --- 1100


Protein ID:  P61626
Preprocessing Features...
(148, 6918)
Length of the sequence:  148
Features Preprocessing Complete...
--- Total Time (ms) --- 692


Protein ID:  P0DJI9
Preprocessing Features...
(122, 6918)
Length of the sequence:  122
Features Preprocessing Complete...
--- Total Time (ms) --- 578


Protein ID:  P01034
Preprocessing Features...
(146, 6918)
Length of the sequence:  146
Features Preprocessing Complete...
--- Total Time (ms) --- 675


ESMDisPred prediction end...
[2025-12-07 23:35:32] → ESMDisPred-2PDB completed.
[2025-12-07 23:35:32] =================================================
[2025-12-07 23:35:32] → Running ESMDisPred-DNN prediction...
[2025-12-07 23:35:32] =================================================
[2025-12-07 23:35:32] Running ESMDisPred-DNN
→ Reading FASTA from: /opt/ESMDisPred/example/sample.fasta
  - DP02342: length=227
Preprocessing Features...
(227, 6918)
Length of the sequence:  227
Features Preprocessing Complete...
    → Time: 596 ms
  - P61626: length=148
Preprocessing Features...
(148, 6918)
Length of the sequence:  148
Features Preprocessing Complete...
    → Time: 491 ms
  - P0DJI9: length=122
Preprocessing Features...
(122, 6918)
Length of the sequence:  122
Features Preprocessing Complete...
    → Time: 392 ms
  - P01034: length=146
Preprocessing Features...
(146, 6918)
Length of the sequence:  146
Features Preprocessing Complete...
    → Time: 538 ms
→ Per-protein .caid files in: ../outputs/disorder/ESMDisPred-DNN
→ Combined predictions: ../outputs/disorder/ESMDisPred-DNN/predictions.csv
→ Timings: ../outputs/timings_ESMDisPred-DNN.csv
[2025-12-07 23:35:37] → ESMDisPred-DNN completed.
[2025-12-07 23:35:37] ==========================================================
[2025-12-07 23:35:37] RUN COMPLETED
[2025-12-07 23:35:37] Models executed: ESMDisPred-1 ESMDisPred-2 ESMDisPred-2PDB ESMDisPred-DNN
[2025-12-07 23:35:37] Results saved to: outputs/
[2025-12-07 23:35:37] ==========================================================
